// Jest Snapshot v1, https://goo.gl/fbAQLP

exports[`Header component should render successfully. 1`] = `
<section class="section">
  <h1 class="title">User List</h1>
</section>
`;
